// Jest Snapshot v1, https://goo.gl/fbAQLP

exports[`it renders correctly 1`] = `
<div
  className="Footer-container bg-primary-1"
>
  <h2
    className="Footer-header"
  >
    IT2810 Webutvikling 
    project
     2
  </h2>
  <p
    className="Footer-text-top"
  >
    Created by
     Balluni & Anesh
  </p>
  <p
    className="Footer-text-bottom"
  >
    <a
      className="Footer-link"
      href="https://gitlab.stud.idi.ntnu.no/it2810-h20/team-58/reacting-poetry"
    >
      GitLab repository
    </a>
  </p>
</div>
`;
